910 1520 1002
4248 8622 0
110 142 0
1716 1716 0
81 308 3043
1 5 0
3 3 0
410 514 0
219 705 0
1 14 5
4248 8622 0
3809 5406 3655
44 208 0
44 133 75
10 10 0
910 1520 1002
0 1 1
462 462 0
110 142 0
1 1 0
1 1 0
0 2 0
1 2 3
5 6 9
0 2 0
1652 1780 0
6 14 0
31 39 0
6307 6563 0
1 1 0
8 62 0
1652 1780 0
0 2 0
4248 8622 0
233 1179 11458
1 1 0
27 43 0
1 1 0
1078 1079 1275
0 2 0
5 6 9
8 62 0
20 21 29
430 494 0
4020 8850 0
35 35 0
910 1520 1002
0 2 0
6307 6563 0
3362 3597 5911
0 5 1
126 126 0
1 14 5
8 62 0
1 2 3
1078 1079 1275
4081 4082 4707
4081 4082 4707
3 3 0
110 142 0
1 1 0
0 2 0
1 19 0
1652 1780 0
126 126 0
27 43 0
44 133 75
0 5 1
27 43 0
0 2 0
0 2 0
6307 6563 0
2679 10191 0
27 43 0
6 14 0
1 19 0
1716 1716 0
208 441 275
4081 4082 4707
126 126 0
1 19 0
27 225 0
430 494 0
1023 11847 0
391 3041 0
33 37 0
110 142 0
0 2 0
1582 1850 0
269 1241 11360
4081 4082 4707
1716 1716 0
126 126 0
0 70 0
5 6 9
45 207 0
987 2445 0
45 207 0
910 1520 1002
1622 11248 0
