6 246 0
0 6 0
77 378 2977
0 3 3
0 70 0
0 2 0
0 2 0
0 2 0
77 477 370
1558 1874 0
