6307 6563 0
1 5 0
10 10 0
0 2 0
1 19 0
987 2445 0
3809 5406 3655
126 126 0
0 1 1
1 2 3
430 494 0
76 77 99
0 5 1
76 77 99
45 207 0
910 1520 1002
0 1 1
1 5 0
4248 8622 0
1 14 5
286 287 351
126 170 628
6435 6435 0
1 1 0
27 43 0
1615 1817 0
219 705 0
1078 1079 1275
286 287 351
0 2 0
66 186 0
3 3 0
1 1 0
6 14 0
3 3 0
69 498 357
1078 1079 1275
35 35 0
0 5 1
1522 11348 0
1716 1716 0
219 705 0
6307 6563 0
1652 1780 0
910 1520 1002
110 142 0
1078 1079 1275
219 705 0
0 6 0
1 19 0
5 6 9
987 2445 0
0 69 1
0 2 0
462 462 0
219 705 0
339 1760 10771
0 2 0
286 287 351
208 441 275
1710 1722 0
910 1520 1002
1078 1079 1275
1716 1716 0
1 2 3
378 1003 11489
987 2445 0
126 126 0
987 2445 0
1 50 19
110 142 0
298 461 2673
910 1520 1002
0 235 17
1716 1716 0
1 5 0
27 43 0
10 10 0
20 21 29
4081 4082 4707
0 2 0
1 1 0
462 462 0
1 14 5
6435 6435 0
1 5 0
1029 1036 1367
126 126 0
462 462 0
430 494 0
1 2 3
1 5 0
10 10 0
8 42 20
1 14 5
1 5 0
346 1528 10996
3 3 0
45 207 0
