910 1520 1002
110 142 0
1 1 0
45 207 0
8 62 0
45 207 0
1 14 5
910 1520 1002
5 6 9
6435 6435 0
1716 1716 0
8 42 20
20 21 29
6 14 0
126 126 0
35 35 0
4081 4082 4707
0 2 0
0 6 0
76 77 99
6307 6563 0
1078 1079 1275
987 2445 0
8 42 20
4248 8622 0
0 1 1
35 35 0
4248 8622 0
1 5 0
4248 8622 0
1 1 0
1 5 0
6435 6435 0
10 10 0
1652 1780 0
1716 1716 0
4248 8622 0
31 39 0
4081 4082 4707
6307 6563 0
0 1 1
5 6 9
0 1 1
126 126 0
6 14 0
36 3396 0
33 37 0
3 3 0
4081 4082 4707
3809 5406 3655
430 494 0
5 6 9
27 43 0
4081 4082 4707
0 6 0
0 2 0
286 287 351
8 62 0
5 6 9
6 14 0
8 42 20
430 494 0
0 6 0
1078 1079 1275
910 1520 1002
3809 5406 3655
4248 8622 0
4081 4082 4707
0 2 0
27 43 0
4248 8622 0
8 42 20
8 62 0
4081 4082 4707
1 19 0
0 2 0
6435 6435 0
35 35 0
1 81 170
0 5 1
1 19 0
44 133 75
0 5 1
45 207 0
76 77 99
10 10 0
6435 6435 0
6307 6563 0
6435 6435 0
0 6 0
1716 1716 0
1 5 0
0 1 1
110 142 0
10 10 0
0 1 1
1078 1079 1275
35 35 0
1716 1716 0
