0 2 0
20 21 29
0 2 0
8 62 0
208 441 275
1 14 5
1 14 5
6435 6435 0
0 235 17
35 35 0
1 2 3
27 43 0
0 1 1
430 494 0
0 70 0
1078 1079 1275
0 2 0
76 77 99
3 3 0
126 126 0
44 133 75
