330 1716 1386
27 43 0
35 35 0
8 42 20
6435 6435 0
1 14 5
126 126 0
1078 1079 1275
1 5 0
0 2 0
8 33 211
8 62 0
1078 1079 1275
495 4257 8118
44 133 75
76 77 99
208 441 275
1 14 5
20 21 29
3809 5406 3655
3 3 0
221 3211 0
1 14 5
0 5 1
254 1011 11605
45 207 0
126 126 0
3862 9008 0
4 222 26
35 35 0
987 2445 0
219 705 0
35 35 0
27 43 0
0 2 0
3 3 0
1 1 0
1 2 3
1 19 0
208 441 275
1 5 0
44 133 75
0 2 0
20 21 29
430 494 0
1 14 5
208 441 275
219 705 0
8 42 20
8 42 20
126 126 0
3809 5406 3655
1 19 0
0 2 0
5 6 9
1716 1716 0
5 6 9
3 3 0
5 6 9
35 35 0
430 494 0
0 2 0
0 6 0
7 41 204
27 43 0
0 1 1
126 126 0
0 1 1
126 126 0
44 133 75
208 441 275
4081 4082 4707
0 2 0
1078 1079 1275
1716 1716 0
286 287 351
286 287 351
126 126 0
577 2855 0
987 2445 0
1 1 0
1 1 0
126 126 0
499 2415 9956
1 5 0
462 462 0
1 5 0
350 10620 1900
1 1 0
4248 8622 0
135 729 2568
27 43 0
566 683 2183
1 19 0
3 3 0
0 2 0
523 7768 4579
35 35 0
0 66 4
110 142 0
