0 2 0
0 6 0
208 441 275
76 77 99
0 1 1
1 1 0
3809 5406 3655
4248 8622 0
1 5 0
5 6 9
8 42 20
