1 2 3
35 217 0
110 142 0
1 2 3
126 126 0
36 1128 2268
1 1 0
8 42 202
353 992 11525
76 77 99
