1254 2178 0
124 128 0
1 1 0
416 9870 2584
140 328 2964
0 3432 0
1 19 0
0 252 0
0 2 0
0 2 0
