1652 1780 0
1 2 3
10 10 0
1 19 0
110 142 0
76 77 99
0 6 0
6 14 0
35 35 0
208 441 275
219 705 0
0 70 0
219 705 0
27 43 0
424 500 0
1 5 0
3 216 33
0 246 6
1 1 0
495 12375 0
1 19 0
0 2 0
365 1590 10915
286 287 351
0 6 0
0 19 1
32 892 0
0 2 0
462 462 0
1 5 0
5 6 9
810 2622 0
1 1 0
0 2 0
0 15 5
1 2 3
5 6 9
1716 1716 0
5997 6873 0
3 3 0
3 3 0
27 43 0
8 62 0
99 3333 0
3809 5406 3655
20 21 29
8 62 0
0 70 0
1 5 0
126 126 0
110 142 0
