4081 4082 4707
126 126 0
43 133 76
1078 1079 1275
6359 6511 0
1 14 5
8 42 20
