0 6 0
1078 1079 1275
1078 1079 1275
3809 5406 3655
0 6 0
0 5 1
6307 6563 0
3 3 0
126 126 0
126 126 0
8 62 0
20 21 29
219 705 0
4248 8622 0
0 6 0
126 126 0
1078 1079 1275
1 5 0
10 10 0
1652 1780 0
430 494 0
8 62 0
126 126 0
1 1 0
0 2 0
4081 4082 4707
0 1 1
430 494 0
3 3 0
3 3 0
219 705 0
4081 4082 4707
443 481 0
126 170 628
987 2445 0
3 3 0
1 2 3
35 35 0
5 6 9
1 14 5
0 2 0
987 2445 0
3 3 0
1652 1780 0
126 126 0
0 252 0
8 42 20
1716 1716 0
18 2973 441
6307 6563 0
430 494 0
4248 8622 0
6435 6435 0
3 3 0
6307 6563 0
1 1 0
6 246 0
20 21 29
45 207 0
4081 4082 4707
286 287 351
126 126 0
20 21 29
910 1520 1002
0 20 0
910 1520 1002
35 35 0
1 19 0
4081 4082 4707
8 42 20
10 10 0
44 133 75
987 2445 0
8 42 20
1 5 0
462 462 0
1 14 5
219 705 0
6 14 0
1 2 3
3 3 0
910 1520 1002
1 5 0
6307 6563 0
27 43 0
44 133 75
0 6 0
1652 1780 0
0 1 1
0 6 0
5 6 9
6435 6435 0
430 494 0
6307 6563 0
35 35 0
35 35 0
4081 4082 4707
1 2 3
126 126 0
