286 287 351
6435 6435 0
1 5 0
462 462 0
1 19 0
6435 6435 0
0 5 1
0 5 1
0 5 1
110 142 0
0 6 0
76 77 99
44 133 75
1652 1780 0
208 441 275
539 2303 10028
8 62 0
6435 6435 0
76 77 99
36 54 162
0 2 0
462 462 0
3809 5406 3655
20 21 29
1 19 0
1 14 5
35 35 0
45 207 0
8 62 0
1 1 0
1 19 0
910 1520 1002
44 133 75
76 77 99
286 287 351
6307 6563 0
8 62 0
0 5 1
8 42 20
1 19 0
76 77 99
0 2 0
45 207 0
126 126 0
430 494 0
44 133 75
1 19 0
0 6 0
3 3 0
459 2973 0
110 142 0
8 62 0
0 2 0
35 35 0
4081 4082 4707
208 441 275
1 2 3
0 126 126
110 142 0
126 126 0
430 494 0
1 1 0
286 287 351
0 1 1
36 54 162
0 2 0
5 6 9
430 494 0
8 62 0
6307 6563 0
10 10 0
1 19 0
1652 1780 0
20 21 29
219 705 0
3 3 0
0 70 0
0 3312 120
35 35 0
6 14 0
1 2 3
28 896 0
0 6 0
126 126 0
35 35 0
286 287 351
1078 1079 1275
0 5 1
0 6 0
3 67 0
27 43 0
4081 4082 4707
4081 4082 4707
1 5 0
44 133 75
286 287 351
45 207 0
35 35 0
1 11673 1196
