6 14 0
0 2 0
110 142 0
309 615 0
6307 6563 0
343 10545 1982
0 2 0
1 19 0
1 2 3
76 77 99
76 77 99
5 6 9
219 705 0
0 3432 0
0 2 0
8 42 20
0 6 0
6 14 0
208 441 275
0 235 17
1652 1780 0
0 1 1
35 35 0
4 863 57
1078 1079 1275
10 10 0
219 705 0
1 2 3
3 3 0
6 14 0
1 5 0
0 2 0
3 3 0
3809 5406 3655
0 2 0
35 35 0
6435 6435 0
286 287 351
4081 4082 4707
4081 4082 4707
0 2 0
910 1520 1002
208 441 275
0 6 0
0 2 0
0 235 17
4081 4082 4707
20 21 29
6 14 0
1 5 0
430 494 0
44 133 75
208 441 275
126 126 0
1078 1079 1275
1 5 0
6035 6835 0
86 134 704
57 867 0
0 2 0
1 1 0
1716 1716 0
1 69 0
3809 5406 3655
1 2 3
6 14 0
286 287 351
1 1 0
10 10 0
1 14 5
3809 5406 3655
0 5 1
6435 6435 0
0 924 0
126 126 0
1716 1716 0
286 287 351
1 14 5
987 2445 0
462 462 0
6307 6563 0
1 19 0
5 6 9
76 77 99
44 133 75
0 2 0
0 6 0
987 2445 0
76 77 99
10 10 0
