75 318 3039
495 12375 0
1 1 0
1594 1838 0
27 43 0
180 744 0
0 6 0
0 2 0
1558 1874 0
593 2530 9747
17 235 0
593 2530 9747
4 66 0
0 3432 0
0 12870 0
7 41 204
4719 8151 0
