1 2 3
208 441 275
4248 8622 0
4248 8622 0
126 126 0
430 494 0
462 462 0
