1078 1079 1275
1078 1079 1275
1 19 0
6 14 0
0 1 1
4081 4082 4707
462 462 0
495 4257 8118
6 14 0
3 3 0
208 441 275
165 4257 8448
0 1 1
1 14 5
373 8838 3659
1 69 0
0 2 0
5 6 9
146 778 0
45 207 0
462 462 0
