1254 2178 0
126 126 0
0 5 1
8 62 0
14 684 226
1287 11583 0
6 14 0
27 43 0
112 812 0
8 42 20
