132 3300 0
0 1 1
336 588 0
374 12496 0
120 3312 0
0 20 0
4 66 0
0 2 0
6 14 0
1077 11793 0
