10 10 0
126 126 0
35 35 0
1652 1780 0
462 462 0
208 441 275
35 35 0
45 207 0
44 133 75
6 14 0
208 441 275
0 5 1
6 14 0
1716 1716 0
1652 1780 0
3 3 0
4248 8622 0
1716 1716 0
208 441 275
8 42 20
0 6 0
5 6 9
1716 1716 0
10 10 0
6 14 0
3809 5406 3655
45 207 0
20 21 29
430 494 0
0 2 0
76 77 99
44 133 75
8 42 20
195 441 288
0 2 0
3 3 0
430 494 0
6307 6563 0
8 62 0
462 462 0
0 1 1
1 2 3
0 2 0
6307 6563 0
1078 1079 1275
0 5 1
0 70 0
8 62 0
1716 1716 0
8 62 0
35 35 0
0 6 0
1424 1928 9518
1 19 0
430 494 0
1 14 5
1 2 3
910 1520 1002
110 142 0
1 2 3
110 142 0
35 35 0
1 19 0
20 21 29
8 62 0
35 35 0
44 133 75
5 6 9
126 126 0
987 2445 0
430 494 0
6 14 0
219 705 0
987 2445 0
42 3390 0
3 3 0
6 14 0
110 142 0
1 19 0
8 62 0
1 2 3
0 2 0
0 5 1
20 137 95
35 35 0
6 14 0
110 142 0
1 14 5
44 133 75
20 722 182
