2 187 63
180 744 0
1 14 5
0 20 0
35 35 0
219 705 0
45 207 0
0 6 0
0 20 0
56 3376 0
120 1128 2184
0 2 0
462 462 0
27 43 0
0 3432 0
5 6 9
3 3 0
6 14 0
9 12861 0
0 1 1
5 6 9
7 63 0
987 2445 0
3 3 0
1 1 0
0 1 1
5 6 9
1 11673 1196
1 3032 399
14 821 89
126 126 0
0 6 0
0 2 0
126 126 0
5927 6943 0
208 441 275
20 21 29
76 77 99
8 42 20
0 6 0
45 207 0
2 13 55
128 1806 1498
0 5 1
0 2 0
0 5 1
1055 1057 1320
1 2 3
126 126 0
249 3183 0
0 1 1
