126 170 628
0 6 0
0 3 3
1 2 3
2123 10747 0
0 924 0
412 512 0
1287 11583 0
6 48 198
0 6 0
27 43 0
7 762 155
0 2 0
6 14 0
2 20 48
169 10765 1936
348 12522 0
