4081 4082 4707
4248 8622 0
4248 8622 0
1 5 0
68 184 0
0 1 1
462 462 0
20 21 29
45 207 0
10 10 0
1 19 0
