1716 1716 0
6 14 0
10 10 0
430 494 0
0 1 1
286 287 351
76 77 99
430 494 0
0 5 1
987 2445 0
76 77 99
20 21 29
430 494 0
603 2417 9850
6 14 0
1 19 0
44 133 75
0 1 1
116 136 0
910 1520 1002
435 2997 0
