76 77 99
3 3 0
8 3158 266
35 35 0
0 235 17
1 2 3
0 2 0
44 133 75
0 1 1
8 62 0
430 494 0
229 408 2795
167 757 0
0 2 0
0 5 1
0 18 2
76 77 99
1 1 0
0 2 0
1 2 3
8 42 20
5368 7502 0
1 14 5
5463 7407 0
1 19 0
1 19 0
0 2 0
0 2 0
54 2989 389
1 1 0
44 133 75
219 705 0
27 106 791
0 18 2
0 2 0
20 21 29
4 248 0
8 42 20
336 588 0
1 2 3
20 137 95
6 14 0
1 19 0
3 3 0
6435 6435 0
208 441 275
1169 11701 0
0 1 1
3 3 0
0 18 2
430 494 0
