10 10 0
0 6 0
0 2 0
430 494 0
76 77 99
286 287 351
6307 6563 0
1 14 5
1078 1079 1275
910 1520 1002
35 35 0
0 2 0
6435 6435 0
76 77 99
286 287 351
110 142 0
110 142 0
286 287 351
8 42 20
951 1479 10440
0 2 0
1 1 0
1 1 0
3 3 0
35 35 0
27 43 0
0 2 0
0 2 0
44 133 75
44 133 75
462 462 0
3 3 0
20 21 29
1 19 0
8 42 20
76 77 99
0 2 0
0 2 0
126 126 0
44 133 75
910 1520 1002
89 2443 900
8 62 0
208 441 275
0 2 0
1 19 0
6307 6563 0
1 19 0
1 19 0
1 2 3
1652 1780 0
8 42 20
4081 4082 4707
6 14 0
3809 5406 3655
0 2 0
0 2 0
0 1 1
0 2 0
7 42 21
6435 6435 0
3809 5406 3655
1652 1780 0
6307 6563 0
20 21 29
1716 1716 0
110 142 0
462 462 0
1 19 0
6435 6435 0
1 2 3
462 462 0
20 21 29
126 126 0
3809 5406 3655
35 35 0
20 21 29
910 1520 1002
987 2445 0
987 2445 0
495 7335 5040
1652 1780 0
1 1 0
1 14 5
1 1 0
0 6 0
44 133 75
10 10 0
8 42 20
1 1 0
