208 441 275
910 1520 1002
0 6 0
110 142 0
0 2 0
219 705 0
76 77 99
430 494 0
1 19 0
3763 9107 0
170 754 0
0 12870 0
10 10 0
45 207 0
0 20 0
0 6 0
6 14 0
6005 6865 0
6435 6435 0
0 5 1
44 133 75
