1 2 3
9 11331 1530
0 2 0
78 12792 0
235 12635 0
0 12870 0
448 2984 0
3214 9656 0
83 394 2955
35 35 0
