1 1 0
0 2 0
0 1 1
1 14 5
1197 11673 0
1 19 0
1744 11126 0
169 10765 1936
0 252 0
254 1011 11605
