20 21 29
462 462 0
430 494 0
3809 5406 3655
45 207 0
462 462 0
1 5 0
430 494 0
44 133 75
1 2 3
430 494 0
1652 1780 0
110 142 0
0 2 0
430 494 0
45 207 0
462 462 0
1652 1780 0
110 142 0
20 21 29
4248 8622 0
126 126 0
0 18 2
0 6 0
0 2 0
110 142 0
1 14 5
126 126 0
110 142 0
1 1 0
0 2 0
3 3 0
536 7097 5237
0 1 1
27 43 0
1078 1079 1275
430 494 0
6 14 0
1 14 5
0 5 1
0 2 0
462 462 0
910 1520 1002
1716 1716 0
286 287 351
0 6 0
1078 1079 1275
5 6 9
5 6 9
10 10 0
532 2900 0
462 462 0
76 77 99
44 133 75
4248 8622 0
208 441 275
27 43 0
8 42 20
0 2 0
0 3102 330
1716 1716 0
1 1 0
430 494 0
110 142 0
462 462 0
45 207 0
1716 1716 0
0 1 1
430 494 0
6074 6796 0
987 2445 0
27 43 0
8 62 0
286 287 351
4248 8622 0
208 441 275
6 14 0
76 77 99
208 441 275
3809 5406 3655
208 441 275
76 77 99
8 62 0
1652 1780 0
1 1 0
0 2 0
286 287 351
1 2 3
6435 6435 0
0 2 0
10 10 0
76 77 99
461 463 0
45 207 0
286 287 351
1716 1716 0
10 10 0
6307 6563 0
6307 6563 0
