11 913 0
462 462 0
20 21 29
10 10 0
3 3 0
99 12771 0
0 1 1
44 133 75
4248 8622 0
5 6 9
6410 6460 0
1716 1716 0
8 42 20
10 10 0
462 462 0
3 3 0
1716 1716 0
286 287 351
219 705 0
219 705 0
44 133 75
219 705 0
987 2445 0
367 12503 0
0 2 0
76 77 99
3 3 0
126 126 0
1 5 0
208 441 275
3809 5406 3655
35 35 0
5448 7422 0
1716 1716 0
8 42 20
4081 4082 4707
0 6 0
5 6 9
462 462 0
6 14 0
2 13 55
0 2 0
3018 9852 0
10 10 0
462 462 0
124 128 0
1 5 0
0 20 0
910 1520 1002
1 1 0
495 4257 8118
44 2948 440
10 10 0
20 21 29
4081 4082 4707
4248 8622 0
6435 6435 0
0 2 0
0 2 0
125 312 2995
1 2 3
0 2 0
430 494 0
497 8095 4278
1716 1716 0
45 207 0
1 5 0
60 3372 0
1716 1716 0
987 2445 0
3809 5406 3655
15 827 82
0 2 0
0 1 1
6307 6563 0
5 6 9
208 441 275
0 5 1
1 2 3
10 10 0
15 909 0
1 5 0
76 77 99
0 1 1
1 5 0
1078 1079 1275
286 287 351
286 287 351
0 2 0
126 126 0
0 6 0
0 2 0
1 5 0
0 6 0
0 2 0
5 42 23
1078 1079 1275
8 62 0
0 2 0
45 207 0
