1499 1933 0
1539 11331 0
448 2984 0
1 1 0
0 2 0
5 6 9
10 10 0
8 3424 0
0 2 0
283 10690 1897
254 1063 11553
460 464 0
0 2 0
0 5 1
3 3 0
2820 10050 0
398 526 0
8 62 0
339 1760 10771
0 234 18
312 10715 1843
110 142 0
1 14 5
6 167 79
125 127 0
3 3 0
5573 7297 0
3 3 0
234 11295 1341
0 1 1
0 6 0
1 19 0
0 6 0
27 152 745
563 2869 0
0 246 6
0 6 0
0 5 1
0 6 0
6 14 0
35 35 0
1 855 68
13 34 205
0 2 0
9 169 74
1 11673 1196
1 19 0
0 5 1
0 2 0
8 3424 0
0 6 0
