1652 1780 0
4248 8622 0
8 62 0
219 705 0
1 1 0
0 5 1
286 287 351
0 2 0
45 207 0
3 3 0
8 62 0
76 77 99
4248 8622 0
45 207 0
286 287 351
462 462 0
1 69 0
1716 1716 0
981 2451 0
76 77 99
8 62 0
8 42 20
174 12696 0
5 6 9
35 35 0
4248 8622 0
15 909 0
20 21 29
49 277 598
1 1 0
2 250 0
98 826 0
45 207 0
8 42 20
0 2 0
27 43 0
430 494 0
71 72 109
0 2 0
28 896 0
462 462 0
10 10 0
0 6 0
0 5 1
0 2 0
1 19 0
430 494 0
76 77 99
84 462 378
4081 4082 4707
128 1884 1420
76 77 99
910 1520 1002
8 42 20
2 250 0
987 2445 0
0 2 0
3018 9852 0
1078 1079 1275
1 14 5
76 77 99
2123 10747 0
1 5 0
1554 1878 0
1 2 3
1 14 5
44 133 75
44 133 75
0 1 1
4248 8622 0
6435 6435 0
219 705 0
35 35 0
5 6 9
27 43 0
3809 5406 3655
0 2 0
1 19 0
3 3 0
126 126 0
1 2 3
94 2151 1187
3 3 0
533 12337 0
5 35 30
20 21 29
110 142 0
3018 9852 0
35 35 0
0 2 0
6435 6435 0
44 133 75
6435 6435 0
3 3 0
269 1241 11360
0 5 15
286 287 351
0 231 21
5 6 9
1 5 0
