3 3 0
1652 1780 0
3 3 0
1 14 5
0 2 0
56 61 135
0 1 1
76 77 99
0 2 0
4013 8857 0
4119 8751 0
