8 33 211
0 5 1
0 6 0
6 14 0
462 462 0
1 1 0
462 462 0
3809 5406 3655
1 5 0
27 43 0
1652 1780 0
